<html>
<body>
<pre>
<h1>µVision Build Log</h1>
<h2>Project:</h2>
E:\LPC2148 course\freeRTOS_LPC\06_Mutex\Mutex.uvproj
Project File Date:  09/24/2025

<h2>Output:</h2>
Build target 'Target 1'
compiling mutex.c...
linking...
Program Size: Code=14296 RO-data=32 RW-data=92 ZI-data=9628  
".\Mutex.axf" - 0 Error(s), 0 Warning(s).
</pre>
</body>
</html>
 portASM.s...
compiling heap_2.c...
linking...
Program Size: Code=14296 RO-data=32 RW-data=92 ZI-data=9628  
".\Mutex.axf" - 0 Error(s), 0 Warning(s).
