<html>
<body>
<pre>
<h1>µVision Build Log</h1>
<h2>Project:</h2>
E:\LPC2148 course\data_receiving_using_UART\data_receiving_using_UART.uvproj
Project File Date:  09/17/2025

<h2>Output:</h2>
Build target 'Target 1'
compiling data_receiving_using_UART.c...
linking...
Program Size: Code=592 RO-data=32 RW-data=4 ZI-data=1260  
FromELF: creating hex file...
".\data_receiving_using_UART.axf" - 0 Error(s), 0 Warning(s).
 Error: L6411E: No compatible library exists with a definition of startup symbol __main.
Not enough information to list image symbols.
Not enough information to list the image map.
Finished: 2 information, 1 warning and 1 error messages.
".\data_receiving_using_UART.axf" - 1 Error(s), 1 Warning(s).
Target not created
