<html>
<body>
<pre>
<h1>µVision Build Log</h1>
<h2>Project:</h2>
E:\freeRTOS_LPC\task\task.uvproj
Project File Date:  09/22/2025

<h2>Output:</h2>
Rebuild target 'Target 1'
assembling Startup.s...
compiling list.c...
compiling queue.c...
C:\Keil\FreeRTOS_V9.0.0rc2\FreeRTOS\Source\queue.c(472): warning:  #177-D: function "prvInitialiseMutex" was declared but never referenced
  static void prvInitialiseMutex( Queue_t *pxNewQueue )
C:\Keil\FreeRTOS_V9.0.0rc2\FreeRTOS\Source\queue.c: 1 warning, 0 errors
compiling tasks.c...
compiling heap_2.c...
compiling task_creation.c...
compiling port.c...
assembling portASM.s...
linking...
Program Size: Code=10284 RO-data=32 RW-data=88 ZI-data=18248  
FromELF: creating hex file...
".\task.axf" - 0 Error(s), 1 Warning(s).
</pre>
</body>
</html>
