<html>
<body>
<pre>
<h1>µVision Build Log</h1>
<h2>Project:</h2>
E:\freeRTOS_LPC\03_BainarySemaphore\bainary_semaphore.uvproj
Project File Date:  09/23/2025

<h2>Output:</h2>
Build target 'Target 1'
linking...
Program Size: Code=13872 RO-data=32 RW-data=92 ZI-data=9628  
".\bainary_semaphore.axf" - 0 Error(s), 0 Warning(s).
</pre>
</body>
</html>
(s), 0 Warning(s).
ing port.c...
C:\Keil\FreeRTOS_V9.0.0rc2\FreeRTOS\Source\portable\RVDS\ARM_CA9\port.c(78): error:  #35: #error directive: configINTERRUPT_CONTROLLER_BASE_ADDRESS must be defined.  See http://www.freertos.org/Using-FreeRTOS-on-Cortex-A-Embedded-Processors.html
        #error configINTERRUPT_CONTROLLER_BASE_ADDRESS must be defined.  See http://www.freertos.org/Using-FreeRTOS-on-Cortex-A-Embedded-Processors.html
C:\Keil\FreeRTOS_V9.0.0rc2\FreeRTOS\Source\portable\RVDS\ARM_CA9\port.c: 0 warnings, 1 error
assembling portASM.s...
C:\Keil\FreeRTOS_V9.0.0rc2\FreeRTOS\Source\portable\RVDS\ARM_CA9\portASM.s(81): error: A1854E: Unknown opcode 'SRSDB', maybe wrong target CPU?
C:\Keil\FreeRTOS_V9.0.0rc2\FreeRTOS\Source\portable\RVDS\ARM_CA9\portASM.s:     at line 71 in macro portSAVE_CONTEXT in 'C:\Keil\FreeRTOS_V9.0.0rc2\FreeRTOS\Source\portable\RVDS\ARM_CA9\portmacro.inc'
C:\Keil\FreeRTOS_V9.0.0rc2\FreeRTOS\Source\portable\RVDS\ARM_CA9\portASM.s: 
C:\Keil\FreeRTOS_V9.0.0rc2\FreeRTOS\Source\portable\RVDS\ARM_CA9\portASM.s(81): error: A1854E: Unknown opcode 'CPS', maybe wrong target CPU?
C:\Keil\FreeRTOS_V9.0.0rc2\FreeRTOS\Source\portable\RVDS\ARM_CA9\portASM.s:     at line 72 in macro portSAVE_CONTEXT in 'C:\Keil\FreeRTOS_V9.0.0rc2\FreeRTOS\Source\portable\RVDS\ARM_CA9\portmacro.inc'
C:\Keil\FreeRTOS_V9.0.0rc2\FreeRTOS\Source\portable\RVDS\ARM_CA9\portASM.s: 
C:\Keil\FreeRTOS_V9.0.0rc2\FreeRTOS\Source\portable\RVDS\ARM_CA9\portASM.s(81): error: A1854E: Unknown opcode 'FMRXNE', maybe wrong target CPU?
C:\Keil\FreeRTOS_V9.0.0rc2\FreeRTOS\Source\portable\RVDS\ARM_CA9\portASM.s:     at line 87 in macro portSAVE_CONTEXT in 'C:\Keil\FreeRTOS_V9.0.0rc2\FreeRTOS\Source\portable\RVDS\ARM_CA9\portmacro.inc'
C:\Keil\FreeRTOS_V9.0.0rc2\FreeRTOS\Source\portable\RVDS\ARM_CA9\portASM.s: 
C:\Keil\FreeRTOS_V9.0.0rc2\FreeRTOS\Source\portable\RVDS\ARM_CA9\portASM.s(81): error: A1854E: Unknown opcode 'VPUSHNE', maybe wrong target CPU?
C:\Keil\FreeRTOS_V9.0.0rc2\FreeRTOS\Source\portable\RVDS\ARM_CA9\portASM.s:     at line 88 in macro portSAVE_CONTEXT in 'C:\Keil\FreeRTOS_V9.0.0rc2\FreeRTOS\Source\portable\RVDS\ARM_CA9\portmacro.inc'
C:\Keil\FreeRTOS_V9.0.0rc2\FreeRTOS\Source\portable\RVDS\ARM_CA9\portASM.s: 
C:\Keil\FreeRTOS_V9.0.0rc2\FreeRTOS\Source\portable\RVDS\ARM_CA9\portASM.s(81): error: A1854E: Unknown opcode 'VPUSHNE', maybe wrong target CPU?
C:\Keil\FreeRTOS_V9.0.0rc2\FreeRTOS\Source\portable\RVDS\ARM_CA9\portASM.s:     at line 89 in macro portSAVE_CONTEXT in 'C:\Keil\FreeRTOS_V9.0.0rc2\FreeRTOS\Source\portable\RVDS\ARM_CA9\portmacro.inc'
C:\Keil\FreeRTOS_V9.0.0rc2\FreeRTOS\Source\portable\RVDS\ARM_CA9\portASM.s: 
C:\Keil\FreeRTOS_V9.0.0rc2\FreeRTOS\Source\portable\RVDS\ARM_CA9\portASM.s(83): error: A1854E: Unknown opcode 'BLX', maybe wrong target CPU?
C:\Keil\FreeRTOS_V9.0.0rc2\FreeRTOS\Source\portable\RVDS\ARM_CA9\portASM.s(84): error: A1854E: Unknown opcode 'VPOPNE', maybe wrong target CPU?
C:\Keil\FreeRTOS_V9.0.0rc2\FreeRTOS\Source\portable\RVDS\ARM_CA9\portASM.s:     at line 121 in macro portRESTORE_CONTEXT in 'C:\Keil\FreeRTOS_V9.0.0rc2\FreeRTOS\Source\portable\RVDS\ARM_CA9\portmacro.inc'
C:\Keil\FreeRTOS_V9.0.0rc2\FreeRTOS\Source\portable\RVDS\ARM_CA9\portASM.s: 
C:\Keil\FreeRTOS_V9.0.0rc2\FreeRTOS\Source\portable\RVDS\ARM_CA9\portASM.s(84): error: A1854E: Unknown opcode 'VPOPNE', maybe wrong target CPU?
C:\Keil\FreeRTOS_V9.0.0rc2\FreeRTOS\Source\portable\RVDS\ARM_CA9\portASM.s:     at line 122 in macro portRESTORE_CONTEXT in 'C:\Keil\FreeRTOS_V9.0.0rc2\FreeRTOS\Source\portable\RVDS\ARM_CA9\portmacro.inc'
C:\Keil\FreeRTOS_V9.0.0rc2\FreeRTOS\Source\portable\RVDS\ARM_CA9\portASM.s: 
C:\Keil\FreeRTOS_V9.0.0rc2\FreeRTOS\Source\portable\RVDS\ARM_CA9\portASM.s(84): error: A1854E: Unknown opcode 'VMSRNE', maybe wrong target CPU?
C:\Keil\FreeRTOS_V9.0.0rc2\FreeRTOS\Source\portable\RVDS\ARM_CA9\portASM.s:     at line 123 in macro portRESTORE_CONTEXT in 'C:\Keil\FreeRTOS_V9.0.0rc2\FreeRTOS\Source\portable\RVDS\ARM_CA9\portmacro.inc'
C:\Keil\FreeRTOS_V9.0.0rc2\FreeRTOS\Source\portable\RVDS\ARM_CA9\portASM.s: 
C:\Keil\FreeRTOS_V9.0.0rc2\FreeRTOS\Source\portable\RVDS\ARM_CA9\portASM.s(84): error: A1854E: Unknown opcode 'RFEIA', maybe wrong target CPU?
C:\Keil\FreeRTOS_V9.0.0rc2\FreeRTOS\Source\portable\RVDS\ARM_CA9\portASM.s:     at line 142 in macro portRESTORE_CONTEXT in 'C:\Keil\FreeRTOS_V9.0.0rc2\FreeRTOS\Source\portable\RVDS\ARM_CA9\portmacro.inc'
C:\Keil\FreeRTOS_V9.0.0rc2\FreeRTOS\Source\portable\RVDS\ARM_CA9\portASM.s: 
C:\Keil\FreeRTOS_V9.0.0rc2\FreeRTOS\Source\portable\RVDS\ARM_CA9\portASM.s(91): error: A1854E: Unknown opcode 'CPS', maybe wrong target CPU?
C:\Keil\FreeRTOS_V9.0.0rc2\FreeRTOS\Source\portable\RVDS\ARM_CA9\portASM.s(92): error: A1854E: Unknown opcode 'VPOPNE', maybe wrong target CPU?
C:\Keil\FreeRTOS_V9.0.0rc2\FreeRTOS\Source\portable\RVDS\ARM_CA9\portASM.s:     at line 121 in macro portRESTORE_CONTEXT in 'C:\Keil\FreeRTOS_V9.0.0rc2\FreeRTOS\Source\portable\RVDS\ARM_CA9\portmacro.inc'
C:\Keil\FreeRTOS_V9.0.0rc2\FreeRTOS\Source\portable\RVDS\ARM_CA9\portASM.s: 
C:\Keil\FreeRTOS_V9.0.0rc2\FreeRTOS\Source\portable\RVDS\ARM_CA9\portASM.s(92): error: A1854E: Unknown opcode 'VPOPNE', maybe wrong target CPU?
C:\Keil\FreeRTOS_V9.0.0rc2\FreeRTOS\Source\portable\RVDS\ARM_CA9\portASM.s:     at line 122 in macro portRESTORE_CONTEXT in 'C:\Keil\FreeRTOS_V9.0.0rc2\FreeRTOS\Source\portable\RVDS\ARM_CA9\portmacro.inc'
C:\Keil\FreeRTOS_V9.0.0rc2\FreeRTOS\Source\portable\RVDS\ARM_CA9\portASM.s: 
C:\Keil\FreeRTOS_V9.0.0rc2\FreeRTOS\Source\portable\RVDS\ARM_CA9\portASM.s(92): error: A1854E: Unknown opcode 'VMSRNE', maybe wrong target CPU?
C:\Keil\FreeRTOS_V9.0.0rc2\FreeRTOS\Source\portable\RVDS\ARM_CA9\portASM.s:     at line 123 in macro portRESTORE_CONTEXT in 'C:\Keil\FreeRTOS_V9.0.0rc2\FreeRTOS\Source\portable\RVDS\ARM_CA9\portmacro.inc'
C:\Keil\FreeRTOS_V9.0.0rc2\FreeRTOS\Source\portable\RVDS\ARM_CA9\portASM.s: 
C:\Keil\FreeRTOS_V9.0.0rc2\FreeRTOS\Source\portable\RVDS\ARM_CA9\portASM.s(92): error: A1854E: Unknown opcode 'RFEIA', maybe wrong target CPU?
C:\Keil\FreeRTOS_V9.0.0rc2\FreeRTOS\Source\portable\RVDS\ARM_CA9\portASM.s:     at line 142 in macro portRESTORE_CONTEXT in 'C:\Keil\FreeRTOS_V9.0.0rc2\FreeRTOS\Source\portable\RVDS\ARM_CA9\portmacro.inc'
C:\Keil\FreeRTOS_V9.0.0rc2\FreeRTOS\Source\portable\RVDS\ARM_CA9\portASM.s: 
C:\Keil\FreeRTOS_V9.0.0rc2\FreeRTOS\Source\portable\RVDS\ARM_CA9\portASM.s(108): error: A1854E: Unknown opcode 'CPS', maybe wrong target CPU?
C:\Keil\FreeRTOS_V9.0.0rc2\FreeRTOS\Source\portable\RVDS\ARM_CA9\portASM.s(135): error: A1854E: Unknown opcode 'BLX', maybe wrong target CPU?
C:\Keil\FreeRTOS_V9.0.0rc2\FreeRTOS\Source\portable\RVDS\ARM_CA9\portASM.s(139): error: A1854E: Unknown opcode 'CPSID', maybe wrong target CPU?
C:\Keil\FreeRTOS_V9.0.0rc2\FreeRTOS\Source\portable\RVDS\ARM_CA9\portASM.s(164): error: A1854E: Unknown opcode 'CPS', maybe wrong target CPU?
C:\Keil\FreeRTOS_V9.0.0rc2\FreeRTOS\Source\portable\RVDS\ARM_CA9\portASM.s(179): error: A1854E: Unknown opcode 'CPS', maybe wrong target CPU?
C:\Keil\FreeRTOS_V9.0.0rc2\FreeRTOS\Source\portable\RVDS\ARM_CA9\portASM.s(183): error: A1854E: Unknown opcode 'SRSDB', maybe wrong target CPU?
C:\Keil\FreeRTOS_V9.0.0rc2\FreeRTOS\Source\portable\RVDS\ARM_CA9\portASM.s:     at line 71 in macro portSAVE_CONTEXT in 'C:\Keil\FreeRTOS_V9.0.0rc2\FreeRTOS\Source\portable\RVDS\ARM_CA9\portmacro.inc'
C:\Keil\FreeRTOS_V9.0.0rc2\FreeRTOS\Source\portable\RVDS\ARM_CA9\portASM.s: 
C:\Keil\FreeRTOS_V9.0.0rc2\FreeRTOS\Source\portable\RVDS\ARM_CA9\portASM.s(183): error: A1854E: Unknown opcode 'CPS', maybe wrong target CPU?
C:\Keil\FreeRTOS_V9.0.0rc2\FreeRTOS\Source\portable\RVDS\ARM_CA9\portASM.s:     at line 72 in macro portSAVE_CONTEXT in 'C:\Keil\FreeRTOS_V9.0.0rc2\FreeRTOS\Source\portable\RVDS\ARM_CA9\portmacro.inc'
C:\Keil\FreeRTOS_V9.0.0rc2\FreeRTOS\Source\portable\RVDS\ARM_CA9\portASM.s: 
C:\Keil\FreeRTOS_V9.0.0rc2\FreeRTOS\Source\portable\RVDS\ARM_CA9\portASM.s(183): error: A1854E: Unknown opcode 'FMRXNE', maybe wrong target CPU?
C:\Keil\FreeRTOS_V9.0.0rc2\FreeRTOS\Source\portable\RVDS\ARM_CA9\portASM.s:     at line 87 in macro portSAVE_CONTEXT in 'C:\Keil\FreeRTOS_V9.0.0rc2\FreeRTOS\Source\portable\RVDS\ARM_CA9\portmacro.inc'
C:\Keil\FreeRTOS_V9.0.0rc2\FreeRTOS\Source\portable\RVDS\ARM_CA9\portASM.s: 
C:\Keil\FreeRTOS_V9.0.0rc2\FreeRTOS\Source\portable\RVDS\ARM_CA9\portASM.s(183): error: A1854E: Unknown opcode 'VPUSHNE', maybe wrong target CPU?
C:\Keil\FreeRTOS_V9.0.0rc2\FreeRTOS\Source\portable\RVDS\ARM_CA9\portASM.s:     at line 88 in macro portSAVE_CONTEXT in 'C:\Keil\FreeRTOS_V9.0.0rc2\FreeRTOS\Source\portable\RVDS\ARM_CA9\portmacro.inc'
C:\Keil\FreeRTOS_V9.0.0rc2\FreeRTOS\Source\portable\RVDS\ARM_CA9\portASM.s: 
C:\Keil\FreeRTOS_V9.0.0rc2\FreeRTOS\Source\portable\RVDS\ARM_CA9\portASM.s(183): error: A1854E: Unknown opcode 'VPUSHNE', maybe wrong target CPU?
C:\Keil\FreeRTOS_V9.0.0rc2\FreeRTOS\Source\portable\RVDS\ARM_CA9\portASM.s:     at line 89 in macro portSAVE_CONTEXT in 'C:\Keil\FreeRTOS_V9.0.0rc2\FreeRTOS\Source\portable\RVDS\ARM_CA9\portmacro.inc'
C:\Keil\FreeRTOS_V9.0.0rc2\FreeRTOS\Source\portable\RVDS\ARM_CA9\portASM.s: 
C:\Keil\FreeRTOS_V9.0.0rc2\FreeRTOS\Source\portable\RVDS\ARM_CA9\portASM.s(190): error: A1854E: Unknown opcode 'BLX', maybe wrong target CPU?
C:\Keil\FreeRTOS_V9.0.0rc2\FreeRTOS\Source\portable\RVDS\ARM_CA9\portASM.s(193): error: A1854E: Unknown opcode 'VPOPNE', maybe wrong target CPU?
C:\Keil\FreeRTOS_V9.0.0rc2\FreeRTOS\Source\portable\RVDS\ARM_CA9\portASM.s:     at line 121 in macro portRESTORE_CONTEXT in 'C:\Keil\FreeRTOS_V9.0.0rc2\FreeRTOS\Source\portable\RVDS\ARM_CA9\portmacro.inc'
C:\Keil\FreeRTOS_V9.0.0rc2\FreeRTOS\Source\portable\RVDS\ARM_CA9\portASM.s: 
C:\Keil\FreeRTOS_V9.0.0rc2\FreeRTOS\Source\portable\RVDS\ARM_CA9\portASM.s(193): error: A1854E: Unknown opcode 'VPOPNE', maybe wrong target CPU?
C:\Keil\FreeRTOS_V9.0.0rc2\FreeRTOS\Source\portable\RVDS\ARM_CA9\portASM.s:     at line 122 in macro portRESTORE_CONTEXT in 'C:\Keil\FreeRTOS_V9.0.0rc2\FreeRTOS\Source\portable\RVDS\ARM_CA9\portmacro.inc'
C:\Keil\FreeRTOS_V9.0.0rc2\FreeRTOS\Source\portable\RVDS\ARM_CA9\portASM.s: 
C:\Keil\FreeRTOS_V9.0.0rc2\FreeRTOS\Source\portable\RVDS\ARM_CA9\portASM.s(193): error: A1854E: Unknown opcode 'VMSRNE', maybe wrong target CPU?
C:\Keil\FreeRTOS_V9.0.0rc2\FreeRTOS\Source\portable\RVDS\ARM_CA9\portASM.s:     at line 123 in macro portRESTORE_CONTEXT in 'C:\Keil\FreeRTOS_V9.0.0rc2\FreeRTOS\Source\portable\RVDS\ARM_CA9\portmacro.inc'
C:\Keil\FreeRTOS_V9.0.0rc2\FreeRTOS\Source\portable\RVDS\ARM_CA9\portASM.s: 
C:\Keil\FreeRTOS_V9.0.0rc2\FreeRTOS\Source\portable\RVDS\ARM_CA9\portASM.s(193): error: A1854E: Unknown opcode 'RFEIA', maybe wrong target CPU?
C:\Keil\FreeRTOS_V9.0.0rc2\FreeRTOS\Source\portable\RVDS\ARM_CA9\portASM.s:     at line 142 in macro portRESTORE_CONTEXT in 'C:\Keil\FreeRTOS_V9.0.0rc2\FreeRTOS\Source\portable\RVDS\ARM_CA9\portmacro.inc'
C:\Keil\FreeRTOS_V9.0.0rc2\FreeRTOS\Source\portable\RVDS\ARM_CA9\portASM.s: 
".\bainary_semaphore.axf" - 31 Error(s), 0 Warning(s).
Target not created
ce\portable\RVDS\ARM_CA9\portASM.s:     at line 122 in macro portRESTORE_CONTEXT in 'C:\Keil\FreeRTOS_V9.0.0rc2\FreeRTOS\Source\portable\RVDS\ARM_CA9\portmacro.inc'
C:\Keil\FreeRTOS_V9.0.0rc2\FreeRTOS\Source\portable\RVDS\ARM_CA9\portASM.s: 
C:\Keil\FreeRTOS_V9.0.0rc2\FreeRTOS\Source\portable\RVDS\ARM_CA9\portASM.s(193): error: A1854E: Unknown opcode 'VMSRNE', maybe wrong target CPU?
C:\Keil\FreeRTOS_V9.0.0rc2\FreeRTOS\Source\portable\RVDS\ARM_CA9\portASM.s:     at line 123 in macro portRESTORE_CONTEXT in 'C:\Keil\FreeRTOS_V9.0.0rc2\FreeRTOS\Source\portable\RVDS\ARM_CA9\portmacro.inc'
C:\Keil\FreeRTOS_V9.0.0rc2\FreeRTOS\Source\portable\RVDS\ARM_CA9\portASM.s: 
C:\Keil\FreeRTOS_V9.0.0rc2\FreeRTOS\Source\portable\RVDS\ARM_CA9\portASM.s(193): error: A1854E: Unknown opcode 'RFEIA', maybe wrong target CPU?
C:\Keil\FreeRTOS_V9.0.0rc2\FreeRTOS\Source\portable\RVDS\ARM_CA9\portASM.s:     at line 142 in macro portRESTORE_CONTEXT in 'C:\Keil\FreeRTOS_V9.0.0rc2\FreeRTOS\Source\portable\RVDS\ARM_CA9\portmacro.inc'
C:\Keil\FreeRTOS_V9.0.0rc2\FreeRTOS\Source\portable\RVDS\ARM_CA9\portASM.s: 
".\bainary_semaphore.axf" - 37 Error(s), 0 Warning(s).
Target not created
