<html>
<body>
<pre>
<h1>µVision Build Log</h1>
<h2>Project:</h2>
E:\LPC2148 course\06_UART2\uart2.uvproj
Project File Date:  09/18/2025

<h2>Output:</h2>
Build target 'Target 1'
compiling uart2.c...
linking...
Program Size: Code=704 RO-data=16 RW-data=0 ZI-data=1256  
FromELF: creating hex file...
".\uart2.axf" - 0 Error(s), 0 Warning(s).
G" is undefined
      PLL0CFG = 0x24;       // M=5, P=2 (12MHz * 5 = 60MHz)
uart2.c(7): error:  #20: identifier "PLL0FEED" is undefined
      PLL0FEED = 0xAA;
uart2.c(9): error:  #20: identifier "PLL0STAT" is undefined
      while (!(PLL0STAT & (1 << 10))); // Wait for PLL lock
uart2.c(21): error:  #268: declaration may not appear after executable statement in block
      unsigned int divisor = 60000000 / (16 * 9600);  // = 390
uart2.c: 0 warnings, 5 errors
".\uart2.axf" - 5 Error(s), 0 Warning(s).
Target not created
