<html>
<body>
<pre>
<h1>µVision Build Log</h1>
<h2>Project:</h2>
E:\LPC2148 course\07_SevenSegmentDisplay\seven_segment_display.uvproj
Project File Date:  09/18/2025

<h2>Output:</h2>
Rebuild target 'Target 1'
assembling Startup.s...
compiling seven_segment_display.c...
linking...
Program Size: Code=584 RO-data=32 RW-data=12 ZI-data=1260  
FromELF: creating hex file...
".\seven_segment_display.axf" - 0 Error(s), 0 Warning(s).
</pre>
</body>
</html>
=12 ZI-data=1260  
".\seven_segment_display.axf" - 0 Error(s), 1 Warning(s).
