<html>
<body>
<pre>
<h1>µVision Build Log</h1>
<h2>Project:</h2>
E:\LPC2148 course\08_BlinkingMultipleLEDs\8_leds_blinking.uvproj
Project File Date:  09/18/2025

<h2>Output:</h2>
Build target 'Target 1'
linking...
Program Size: Code=536 RO-data=16 RW-data=0 ZI-data=1256  
FromELF: creating hex file...
".\8_leds_blinking.axf" - 0 Error(s), 0 Warning(s).
iling gpio.c...
".\8_leds_blinking.axf" - 1 Error(s), 0 Warning(s).
Target not created
tion of startup symbol __main.
Not enough information to list image symbols.
Not enough information to list the image map.
Finished: 2 information, 1 warning and 1 error messages.
".\8_leds_blinking.axf" - 1 Error(s), 1 Warning(s).
Target not created
