<html>
<body>
<pre>
<h1>µVision Build Log</h1>
<h2>Project:</h2>
E:\LPC2148 course\10_DAC\DAC.uvproj
Project File Date:  09/18/2025

<h2>Output:</h2>
Build target 'Target 1'
linking...
Program Size: Code=640 RO-data=16 RW-data=0 ZI-data=1256  
FromELF: creating hex file...
".\DAC.axf" - 0 Error(s), 0 Warning(s).
</pre>
</body>
</html>

".\DAC.axf" - 1 Error(s), 0 Warning(s).
Target not created
        int i;
DAC.c: 0 warnings, 2 errors
".\DAC.axf" - 2 Error(s), 0 Warning(s).
Target not created
ning and 3 error messages.
".\DAC.axf" - 3 Error(s), 0 Warning(s).
Target not created
