<html>
<body>
<pre>
<h1>µVision Build Log</h1>
<h2>Project:</h2>
E:\LPC2148 course\06_UART\UART.uvproj
Project File Date:  09/18/2025

<h2>Output:</h2>
Build target 'Target 1'
linking...
Program Size: Code=1116 RO-data=16 RW-data=0 ZI-data=1256  
FromELF: creating hex file...
".\UART.axf" - 0 Error(s), 0 Warning(s).
</pre>
</body>
</html>
ng(s).
UART.c: 2 warnings, 0 errors
compiling uart1.c...
uart.h(8): warning:  #1-D: last line of file ends without a newline
  #endif
uart1.c: 1 warning, 0 errors
compiling timer.c...
timer.h(6): warning:  #1-D: last line of file ends without a newline
  #endif
timer.c: 1 warning, 0 errors
linking...
Program Size: Code=1116 RO-data=16 RW-data=0 ZI-data=1256  
".\UART.axf" - 0 Error(s), 4 Warning(s).
or(s), 2 Warning(s).
Target not created

