<html>
<body>
<pre>
<h1>µVision Build Log</h1>
<h2>Project:</h2>
E:\LPC2148 course\16_SPI\spi.uvproj
Project File Date:  09/19/2025

<h2>Output:</h2>
Build target 'Target 1'
compiling spi.c...
linking...
Program Size: Code=900 RO-data=16 RW-data=0 ZI-data=1256  
FromELF: creating hex file...
".\spi.axf" - 0 Error(s), 0 Warning(s).
error:  #29: expected an expression
              uart_tx_string((char[]){'A'+i, '\n', 0}); // Show on terminal
spi.c: 0 warnings, 2 errors
".\spi.axf" - 2 Error(s), 0 Warning(s).
Target not created
