<html>
<body>
<pre>
<h1>µVision Build Log</h1>
<h2>Project:</h2>
C:\Users\KOPPOLU MOUNIKA\Desktop\LPC2148_worksheet\02_TemperatureLoggerWithLCDDisplay\temp_logger.uvproj
Project File Date:  09/19/2025

<h2>Output:</h2>
Build target 'Target 1'
compiling main.c...
linking...
Program Size: Code=7928 RO-data=192 RW-data=0 ZI-data=1256  
FromELF: creating hex file...
".\temp_logger.axf" - 0 Error(s), 0 Warning(s).
</pre>
</body>
</html>
n a change of sign
      while((AD0GDR & (1<<31)) == 0);     // wait
main.c: 2 warnings, 0 errors
linking...
Program Size: Code=7928 RO-data=192 RW-data=0 ZI-data=1256  
FromELF: creating hex file...
".\temp_logger.axf" - 0 Error(s), 2 Warning(s).
