<html>
<body>
<pre>
<h1>µVision Build Log</h1>
<h2>Project:</h2>
E:\freeRTOS_LPC\05_CountingSemaphore\counting_semaphore.uvproj
Project File Date:  09/24/2025

<h2>Output:</h2>
Build target 'Target 1'
linking...
Program Size: Code=14332 RO-data=32 RW-data=92 ZI-data=9628  
FromELF: creating hex file...
".\counting_semaphore.axf" - 0 Error(s), 0 Warning(s).
</pre>
</body>
</html>
c...
assembling portASM.s...
linking...
Program Size: Code=14296 RO-data=32 RW-data=92 ZI-data=9628  
".\counting_semaphore.axf" - 0 Error(s), 0 Warning(s).
