<html>
<body>
<pre>
<h1>µVision Build Log</h1>
<h2>Project:</h2>
E:\LPC2148 course\blinking_led_using_switch\blinking_led_using_switch.uvproj
Project File Date:  09/17/2025

<h2>Output:</h2>
*** Note: Rebuilding project, since 'Options->Output->Create Batch File' is selected.
Rebuild target 'Target 1'
assembling Startup.s...
compiling blinking_led_using_switch.c...
linking...
Program Size: Code=584 RO-data=16 RW-data=0 ZI-data=1256  
FromELF: creating hex file...
".\blinking_led_using_switch.axf" - 0 Error(s), 0 Warning(s).
</pre>
</body>
</html>
